=== behavioral sufficiency: microsoft/Phi-4-mini-reasoning max_bases=8 ===
Tue Jul 28 02:18:44 PM IDT 2026
n-804
git=fe539191ebb1814ede69178ba015232b7dc40370
GPU ok: NVIDIA L40S
[sufficiency] 48 eligible conditions | out=/home/sharifm/students/omeryosef/first_poc/teza_first_poc_with_mahmood/doublespeak_causality/outputs/beh_sufficiency_Phi-4-mini-reasoning_20260728_141903
[sufficiency] restricted to windows: ['late']
  [5/48] processed
  [10/48] processed
  [15/48] processed
  [20/48] processed
  [25/48] processed
  [30/48] processed
  [35/48] processed
  [40/48] processed
  [45/48] processed

[sufficiency] baseline-benign Neutrals: 36/48 (skipped 0)
[sufficiency] per window: DS-inject vs Direct-inject malicious rate (predict DS > Direct):
  late               n=36 suff_DS=0.027777777777777776 suff_Direct=0.19444444444444445 DS−Direct=-0.16666666666666669
[sufficiency] controls (late): identity_mal=0.027777777777777776 random_mal=0.05555555555555555 (both want ~0)
[sufficiency] -> /home/sharifm/students/omeryosef/first_poc/teza_first_poc_with_mahmood/doublespeak_causality/outputs/beh_sufficiency_Phi-4-mini-reasoning_20260728_141903
=== done ===
Tue Jul 28 03:01:46 PM IDT 2026
