=== behavioral sufficiency: microsoft/Phi-4-mini-reasoning max_bases=8 ===
Tue Jul 28 02:15:53 PM IDT 2026
n-802
git=17ca61c1d84ff9d385ad96d2e4c501da1ce6e98a
GPU ok: NVIDIA L40S
[sufficiency] 48 eligible conditions | out=/home/sharifm/students/omeryosef/first_poc/teza_first_poc_with_mahmood/doublespeak_causality/outputs/beh_sufficiency_Phi-4-mini-reasoning_20260728_141555
[sufficiency] restricted to windows: ['early']
  [5/48] processed
  [10/48] processed
  [15/48] processed
  [20/48] processed
  [25/48] processed
  [30/48] processed
  [35/48] processed
  [40/48] processed
  [45/48] processed

[sufficiency] baseline-benign Neutrals: 38/48 (skipped 0)
[sufficiency] per window: DS-inject vs Direct-inject malicious rate (predict DS > Direct):
  early              n=38 suff_DS=0.05263157894736842 suff_Direct=0.3157894736842105 DS−Direct=-0.2631578947368421
[sufficiency] controls (late): identity_mal=0.02631578947368421 random_mal=0.02631578947368421 (both want ~0)
[sufficiency] -> /home/sharifm/students/omeryosef/first_poc/teza_first_poc_with_mahmood/doublespeak_causality/outputs/beh_sufficiency_Phi-4-mini-reasoning_20260728_141555
=== done ===
Tue Jul 28 02:53:55 PM IDT 2026
