=== Phase6 mlpKO: doublespeak_causality/data/bench/bench_clearharm.json n=0 gran=layer ===
Mon Aug  3 09:33:48 AM IDT 2026
n-802
git=e5b141b8a4d6cff3ce49652c46583ef5f47fdda3
GPU ok: NVIDIA L40S
[mlpKO] cohort=clearharm L=32 positions=demo gran=layer windows=['L0', 'L1', 'L2', 'L3']... -> /home/sharifm/students/omeryosef/first_poc/teza_first_poc_with_mahmood/doublespeak_causality/outputs/phase6_mlpKO_clearharm_demo_layer_20260803_093459_703459
[mlpKO] 22016 rows -> /home/sharifm/students/omeryosef/first_poc/teza_first_poc_with_mahmood/doublespeak_causality/outputs/phase6_mlpKO_clearharm_demo_layer_20260803_093459_703459
  == split=dev (n_valid=44) ==
    L0: n=44 C1=0.8844 NEC_specific(rand-C3)=[-0.0061, -0.0778, 0.0673] SUF_specific(S3-Srand)=[-0.0949, -0.1695, -0.0302] S3=0.0635
    L1: n=44 C1=0.8844 NEC_specific(rand-C3)=[-0.0308, -0.0852, 0.0138] SUF_specific(S3-Srand)=[-0.0242, -0.0826, 0.0216] S3=0.0639
    L10: n=44 C1=0.8844 NEC_specific(rand-C3)=[0.0457, 0.0159, 0.0856] SUF_specific(S3-Srand)=[-0.0026, -0.0067, 0.0004] S3=0.0619
    L11: n=44 C1=0.8844 NEC_specific(rand-C3)=[0.0303, 0.0022, 0.0628] SUF_specific(S3-Srand)=[-0.0044, -0.0096, -0.0006] S3=0.0602
    L12: n=44 C1=0.8844 NEC_specific(rand-C3)=[0.0344, 0.0081, 0.07] SUF_specific(S3-Srand)=[-0.0008, -0.0029, 0.0006] S3=0.0639
    L13: n=44 C1=0.8844 NEC_specific(rand-C3)=[-0.0078, -0.0193, 0.0005] SUF_specific(S3-Srand)=[-0.0032, -0.0067, -0.0003] S3=0.0614
    L14: n=44 C1=0.8844 NEC_specific(rand-C3)=[-0.0019, -0.0086, 0.0051] SUF_specific(S3-Srand)=[-0.0021, -0.0049, -0.0001] S3=0.0627
    L15: n=44 C1=0.8844 NEC_specific(rand-C3)=[0.005, -0.0033, 0.0153] SUF_specific(S3-Srand)=[-0.0018, -0.0045, -0.0002] S3=0.0634
    L16: n=44 C1=0.8844 NEC_specific(rand-C3)=[0.0017, -0.0022, 0.0058] SUF_specific(S3-Srand)=[-0.0008, -0.0024, 0.0003] S3=0.0638
    L17: n=44 C1=0.8844 NEC_specific(rand-C3)=[-0.0011, -0.0067, 0.0034] SUF_specific(S3-Srand)=[-0.0007, -0.0023, 0.0002] S3=0.0646
    L18: n=44 C1=0.8844 NEC_specific(rand-C3)=[0.0025, -0.0018, 0.0084] SUF_specific(S3-Srand)=[-0.0006, -0.0019, 0.0001] S3=0.0644
    L19: n=44 C1=0.8844 NEC_specific(rand-C3)=[0.0016, -0.0012, 0.0048] SUF_specific(S3-Srand)=[0.0, -0.0009, 0.0008] S3=0.0649
    L2: n=44 C1=0.8844 NEC_specific(rand-C3)=[-0.002, -0.0292, 0.0285] SUF_specific(S3-Srand)=[-0.0166, -0.0397, -0.0012] S3=0.0628
    L20: n=44 C1=0.8844 NEC_specific(rand-C3)=[0.0036, -0.0001, 0.009] SUF_specific(S3-Srand)=[-0.0004, -0.0016, 0.0002] S3=0.0646
    L21: n=44 C1=0.8844 NEC_specific(rand-C3)=[-0.0038, -0.0085, -0.0001] SUF_specific(S3-Srand)=[-0.0011, -0.0026, -0.0001] S3=0.0639
    L22: n=44 C1=0.8844 NEC_specific(rand-C3)=[0.0001, -0.0021, 0.0017] SUF_specific(S3-Srand)=[-0.0002, -0.0005, 0.0] S3=0.0645
    L23: n=44 C1=0.8844 NEC_specific(rand-C3)=[-0.0009, -0.0024, 0.0004] SUF_specific(S3-Srand)=[0.0002, -0.0001, 0.0007] S3=0.0645
    L24: n=44 C1=0.8844 NEC_specific(rand-C3)=[-0.0012, -0.0025, -0.0001] SUF_specific(S3-Srand)=[0.0, -0.0002, 0.0002] S3=0.0643
    L25: n=44 C1=0.8844 NEC_specific(rand-C3)=[0.0006, -0.0006, 0.0019] SUF_specific(S3-Srand)=[0.0005, -0.0001, 0.0014] S3=0.0645
    L26: n=44 C1=0.8844 NEC_specific(rand-C3)=[-0.0017, -0.0036, -0.0002] SUF_specific(S3-Srand)=[-0.0002, -0.0005, -0.0] S3=0.0644
    L27: n=44 C1=0.8844 NEC_specific(rand-C3)=[0.0006, -0.0008, 0.0018] SUF_specific(S3-Srand)=[-0.0003, -0.0009, 0.0] S3=0.0643
    L28: n=44 C1=0.8844 NEC_specific(rand-C3)=[-0.0005, -0.0014, 0.0003] SUF_specific(S3-Srand)=[-0.0001, -0.0003, 0.0001] S3=0.0645
    L29: n=44 C1=0.8844 NEC_specific(rand-C3)=[-0.0007, -0.0024, 0.0006] SUF_specific(S3-Srand)=[-0.0002, -0.0005, -0.0] S3=0.0644
    L3: n=44 C1=0.8844 NEC_specific(rand-C3)=[-0.0242, -0.0569, -0.0044] SUF_specific(S3-Srand)=[-0.0064, -0.0115, -0.0022] S3=0.0629
    L30: n=44 C1=0.8844 NEC_specific(rand-C3)=[0.0001, -0.0006, 0.0011] SUF_specific(S3-Srand)=[-0.0001, -0.0004, 0.0] S3=0.0645
    L31: n=44 C1=0.8844 NEC_specific(rand-C3)=[0.0, 0.0, 0.0] SUF_specific(S3-Srand)=[0.0, 0.0, 0.0] S3=0.0645
    L4: n=44 C1=0.8844 NEC_specific(rand-C3)=[-0.0144, -0.0625, 0.0202] SUF_specific(S3-Srand)=[-0.0095, -0.0202, -0.0021] S3=0.0606
    L5: n=44 C1=0.8844 NEC_specific(rand-C3)=[0.0123, -0.0363, 0.0603] SUF_specific(S3-Srand)=[-0.0182, -0.0559, 0.0015] S3=0.0616
    L6: n=44 C1=0.8844 NEC_specific(rand-C3)=[-0.0052, -0.0427, 0.0252] SUF_specific(S3-Srand)=[0.0001, -0.0012, 0.0014] S3=0.0627
    L7: n=44 C1=0.8844 NEC_specific(rand-C3)=[-0.0002, -0.0303, 0.0283] SUF_specific(S3-Srand)=[-0.0018, -0.0073, 0.0037] S3=0.0607
    L8: n=44 C1=0.8844 NEC_specific(rand-C3)=[0.0371, 0.006, 0.0837] SUF_specific(S3-Srand)=[-0.0011, -0.0032, 0.0005] S3=0.0642
    L9: n=44 C1=0.8844 NEC_specific(rand-C3)=[0.0844, 0.0366, 0.1476] SUF_specific(S3-Srand)=[0.0001, -0.0014, 0.0015] S3=0.0643
  == split=heldout (n_valid=41) ==
    L0: n=41 C1=0.8792 NEC_specific(rand-C3)=[-0.0037, -0.0639, 0.0639] SUF_specific(S3-Srand)=[-0.0387, -0.1144, 0.0314] S3=0.0685
    L1: n=41 C1=0.8792 NEC_specific(rand-C3)=[-0.0552, -0.1214, -0.0039] SUF_specific(S3-Srand)=[-0.036, -0.0935, 0.0048] S3=0.0682
    L10: n=41 C1=0.8792 NEC_specific(rand-C3)=[0.0197, -0.0028, 0.0545] SUF_specific(S3-Srand)=[-0.0025, -0.0054, -0.0001] S3=0.0663
    L11: n=41 C1=0.8792 NEC_specific(rand-C3)=[0.0139, 0.0007, 0.0299] SUF_specific(S3-Srand)=[-0.0025, -0.0062, 0.0003] S3=0.0661
    L12: n=41 C1=0.8792 NEC_specific(rand-C3)=[0.0153, 0.0009, 0.0382] SUF_specific(S3-Srand)=[-0.0016, -0.0039, 0.0002] S3=0.0678
    L13: n=41 C1=0.8792 NEC_specific(rand-C3)=[-0.0023, -0.0079, 0.0019] SUF_specific(S3-Srand)=[-0.0028, -0.0062, -0.0003] S3=0.0655
    L14: n=41 C1=0.8792 NEC_specific(rand-C3)=[0.0002, -0.0056, 0.0073] SUF_specific(S3-Srand)=[-0.0029, -0.0062, -0.0005] S3=0.0676
    L15: n=41 C1=0.8792 NEC_specific(rand-C3)=[0.0023, -0.0007, 0.0068] SUF_specific(S3-Srand)=[-0.0022, -0.0043, -0.0005] S3=0.0676
    L16: n=41 C1=0.8792 NEC_specific(rand-C3)=[-0.0015, -0.0032, -0.0001] SUF_specific(S3-Srand)=[-0.0013, -0.0027, -0.0001] S3=0.0682
    L17: n=41 C1=0.8792 NEC_specific(rand-C3)=[-0.0001, -0.0014, 0.0012] SUF_specific(S3-Srand)=[-0.0001, -0.0005, 0.0001] S3=0.0694
    L18: n=41 C1=0.8792 NEC_specific(rand-C3)=[0.0004, -0.0008, 0.0018] SUF_specific(S3-Srand)=[-0.0004, -0.001, 0.0001] S3=0.069
    L19: n=41 C1=0.8792 NEC_specific(rand-C3)=[0.0016, 0.0004, 0.0032] SUF_specific(S3-Srand)=[0.0005, -0.0, 0.001] S3=0.0697
    L2: n=41 C1=0.8792 NEC_specific(rand-C3)=[-0.0198, -0.053, 0.0035] SUF_specific(S3-Srand)=[-0.0009, -0.0027, 0.0006] S3=0.0676
    L20: n=41 C1=0.8792 NEC_specific(rand-C3)=[-0.0003, -0.0013, 0.0007] SUF_specific(S3-Srand)=[-0.0004, -0.0012, 0.0002] S3=0.0692
    L21: n=41 C1=0.8792 NEC_specific(rand-C3)=[-0.0013, -0.0025, -0.0004] SUF_specific(S3-Srand)=[-0.0011, -0.0022, -0.0003] S3=0.0684
    L22: n=41 C1=0.8792 NEC_specific(rand-C3)=[0.0002, -0.0002, 0.0007] SUF_specific(S3-Srand)=[0.0001, -0.0001, 0.0004] S3=0.0692
    L23: n=41 C1=0.8792 NEC_specific(rand-C3)=[0.0008, -0.0002, 0.0019] SUF_specific(S3-Srand)=[-0.0004, -0.0008, -0.0] S3=0.0691
    L24: n=41 C1=0.8792 NEC_specific(rand-C3)=[-0.0, -0.0005, 0.0004] SUF_specific(S3-Srand)=[-0.0003, -0.0006, -0.0] S3=0.0688
    L25: n=41 C1=0.8792 NEC_specific(rand-C3)=[0.0004, -0.0002, 0.001] SUF_specific(S3-Srand)=[0.0003, -0.0, 0.0007] S3=0.0692
    L26: n=41 C1=0.8792 NEC_specific(rand-C3)=[-0.0002, -0.0005, 0.0002] SUF_specific(S3-Srand)=[0.0001, -0.0001, 0.0004] S3=0.0692
    L27: n=41 C1=0.8792 NEC_specific(rand-C3)=[0.0004, -0.0003, 0.0012] SUF_specific(S3-Srand)=[-0.0006, -0.0012, -0.0001] S3=0.0688
    L28: n=41 C1=0.8792 NEC_specific(rand-C3)=[-0.0001, -0.0004, 0.0] SUF_specific(S3-Srand)=[-0.0002, -0.0005, 0.0001] S3=0.0692
    L29: n=41 C1=0.8792 NEC_specific(rand-C3)=[0.0, -0.0004, 0.0005] SUF_specific(S3-Srand)=[-0.0, -0.0003, 0.0002] S3=0.0691
    L3: n=41 C1=0.8792 NEC_specific(rand-C3)=[-0.0114, -0.0489, 0.0173] SUF_specific(S3-Srand)=[-0.0042, -0.009, -0.0005] S3=0.0671
    L30: n=41 C1=0.8792 NEC_specific(rand-C3)=[-0.0001, -0.0005, 0.0004] SUF_specific(S3-Srand)=[0.0, -0.0, 0.0001] S3=0.0691
    L31: n=41 C1=0.8792 NEC_specific(rand-C3)=[0.0, 0.0, 0.0] SUF_specific(S3-Srand)=[0.0, 0.0, 0.0] S3=0.0692
    L4: n=41 C1=0.8792 NEC_specific(rand-C3)=[0.0164, -0.0033, 0.0458] SUF_specific(S3-Srand)=[-0.0105, -0.0232, -0.0014] S3=0.0649
    L5: n=41 C1=0.8792 NEC_specific(rand-C3)=[0.011, 0.0016, 0.022] SUF_specific(S3-Srand)=[-0.0028, -0.0078, 0.0016] S3=0.0649
    L6: n=41 C1=0.8792 NEC_specific(rand-C3)=[-0.0082, -0.0234, 0.0056] SUF_specific(S3-Srand)=[-0.0059, -0.0206, 0.0036] S3=0.0672
    L7: n=41 C1=0.8792 NEC_specific(rand-C3)=[0.0089, 0.0022, 0.0176] SUF_specific(S3-Srand)=[-0.0044, -0.009, -0.0007] S3=0.0665
    L8: n=41 C1=0.8792 NEC_specific(rand-C3)=[-0.0017, -0.0143, 0.0108] SUF_specific(S3-Srand)=[-0.0044, -0.0087, -0.001] S3=0.0696
    L9: n=41 C1=0.8792 NEC_specific(rand-C3)=[0.0302, 0.0105, 0.0565] SUF_specific(S3-Srand)=[-0.0029, -0.0058, -0.0005] S3=0.0685
=== done ===
Mon Aug  3 09:45:32 AM IDT 2026
