=== Phase6 mlpKO: doublespeak_causality/data/bench/bench_clearharm_v2.json n=0 gran=layer pos=demo ===
Tue Aug  4 12:17:49 AM IDT 2026
n-802
git=8b664e8e621c710d076146a043cc7a99a20bb718
GPU ok: NVIDIA L40S
[KO] cohort=clearharm L=32 comp=mlp_out positions=demo gran=layer windows=['L0', 'L1', 'L2', 'L3']... -> /home/sharifm/students/omeryosef/first_poc/teza_first_poc_with_mahmood/doublespeak_causality/outputs/phase6_KO_clearharm_mlp_out_demo_layer_20260804_002339_706092
[KO] skipped examples by reason: {'dev:demo_cw_count_mismatch': 8, 'heldout:demo_cw_count_mismatch': 5}
[KO] 29696 rows -> /home/sharifm/students/omeryosef/first_poc/teza_first_poc_with_mahmood/doublespeak_causality/outputs/phase6_KO_clearharm_mlp_out_demo_layer_20260804_002339_706092
  == split=dev (n_valid=59) ==
    L0: n=59 C1=0.8786 NEC_specific(rand-C3)=[0.0017, -0.0353, 0.0412] SUF_specific(S3-Srand)=[-0.0009, -0.0039, 0.0021] S3=0.0479
    L1: n=59 C1=0.8786 NEC_specific(rand-C3)=[-0.0087, -0.022, 0.0052] SUF_specific(S3-Srand)=[-0.0006, -0.0014, -0.0001] S3=0.0477
    L10: n=59 C1=0.8786 NEC_specific(rand-C3)=[0.0187, 0.0083, 0.0319] SUF_specific(S3-Srand)=[-0.0005, -0.0013, 0.0001] S3=0.0476
    L11: n=59 C1=0.8786 NEC_specific(rand-C3)=[0.0193, 0.0071, 0.0352] SUF_specific(S3-Srand)=[-0.0003, -0.0008, 0.0001] S3=0.0476
    L12: n=59 C1=0.8786 NEC_specific(rand-C3)=[0.018, 0.0068, 0.0307] SUF_specific(S3-Srand)=[0.0002, -0.0001, 0.0007] S3=0.0483
    L13: n=59 C1=0.8786 NEC_specific(rand-C3)=[0.0035, -0.0012, 0.0097] SUF_specific(S3-Srand)=[-0.0003, -0.0007, -0.0] S3=0.0477
    L14: n=59 C1=0.8786 NEC_specific(rand-C3)=[0.002, -0.0001, 0.0046] SUF_specific(S3-Srand)=[-0.0001, -0.0003, 0.0002] S3=0.0479
    L15: n=59 C1=0.8786 NEC_specific(rand-C3)=[0.0025, -0.0014, 0.0074] SUF_specific(S3-Srand)=[-0.0, -0.0002, 0.0003] S3=0.0481
    L16: n=59 C1=0.8786 NEC_specific(rand-C3)=[0.0004, -0.0022, 0.0031] SUF_specific(S3-Srand)=[-0.0, -0.0002, 0.0001] S3=0.048
    L17: n=59 C1=0.8786 NEC_specific(rand-C3)=[-0.0037, -0.0078, -0.0005] SUF_specific(S3-Srand)=[0.0001, -0.0001, 0.0003] S3=0.0481
    L18: n=59 C1=0.8786 NEC_specific(rand-C3)=[-0.0004, -0.0026, 0.002] SUF_specific(S3-Srand)=[0.0002, 0.0, 0.0004] S3=0.0483
    L19: n=59 C1=0.8786 NEC_specific(rand-C3)=[-0.0029, -0.0069, 0.0003] SUF_specific(S3-Srand)=[-0.0001, -0.0002, 0.0001] S3=0.0482
    L2: n=59 C1=0.8786 NEC_specific(rand-C3)=[-0.0052, -0.0191, 0.0083] SUF_specific(S3-Srand)=[-0.0005, -0.0012, 0.0001] S3=0.0473
    L20: n=59 C1=0.8786 NEC_specific(rand-C3)=[0.0008, -0.0013, 0.0031] SUF_specific(S3-Srand)=[0.0001, -0.0001, 0.0004] S3=0.0482
    L21: n=59 C1=0.8786 NEC_specific(rand-C3)=[-0.0004, -0.0017, 0.0008] SUF_specific(S3-Srand)=[-0.0002, -0.0004, -0.0] S3=0.048
    L22: n=59 C1=0.8786 NEC_specific(rand-C3)=[-0.0014, -0.0043, 0.0008] SUF_specific(S3-Srand)=[-0.0003, -0.0006, -0.0] S3=0.0478
    L23: n=59 C1=0.8786 NEC_specific(rand-C3)=[0.0001, -0.0013, 0.0013] SUF_specific(S3-Srand)=[-0.0001, -0.0003, 0.0] S3=0.048
    L24: n=59 C1=0.8786 NEC_specific(rand-C3)=[-0.0011, -0.002, -0.0004] SUF_specific(S3-Srand)=[-0.0003, -0.0005, -0.0] S3=0.0479
    L25: n=59 C1=0.8786 NEC_specific(rand-C3)=[-0.0006, -0.0015, 0.0004] SUF_specific(S3-Srand)=[-0.0003, -0.0006, -0.0] S3=0.0479
    L26: n=59 C1=0.8786 NEC_specific(rand-C3)=[-0.0005, -0.0014, 0.0003] SUF_specific(S3-Srand)=[-0.0001, -0.0004, 0.0] S3=0.048
    L27: n=59 C1=0.8786 NEC_specific(rand-C3)=[0.0008, 0.0, 0.0017] SUF_specific(S3-Srand)=[0.0, 0.0, 0.0001] S3=0.0482
    L28: n=59 C1=0.8786 NEC_specific(rand-C3)=[0.0004, -0.0001, 0.001] SUF_specific(S3-Srand)=[-0.0, -0.0, 0.0] S3=0.0481
    L29: n=59 C1=0.8786 NEC_specific(rand-C3)=[-0.0003, -0.0009, 0.0001] SUF_specific(S3-Srand)=[-0.0002, -0.0004, -0.0] S3=0.048
    L3: n=59 C1=0.8786 NEC_specific(rand-C3)=[-0.0227, -0.0601, 0.0037] SUF_specific(S3-Srand)=[-0.0015, -0.0031, -0.0001] S3=0.0468
    L30: n=59 C1=0.8786 NEC_specific(rand-C3)=[-0.0006, -0.0016, -0.0001] SUF_specific(S3-Srand)=[-0.0, -0.0001, -0.0] S3=0.0481
    L31: n=59 C1=0.8786 NEC_specific(rand-C3)=[0.0, 0.0, 0.0] SUF_specific(S3-Srand)=[0.0, 0.0, 0.0] S3=0.0481
    L4: n=59 C1=0.8786 NEC_specific(rand-C3)=[-0.0087, -0.0408, 0.0124] SUF_specific(S3-Srand)=[-0.0026, -0.0055, -0.0002] S3=0.0459
    L5: n=59 C1=0.8786 NEC_specific(rand-C3)=[0.0035, -0.0322, 0.0299] SUF_specific(S3-Srand)=[-0.0009, -0.002, -0.0003] S3=0.0473
    L6: n=59 C1=0.8786 NEC_specific(rand-C3)=[0.0056, -0.015, 0.0243] SUF_specific(S3-Srand)=[-0.0003, -0.0009, 0.0004] S3=0.0475
    L7: n=59 C1=0.8786 NEC_specific(rand-C3)=[0.0155, -0.0012, 0.0337] SUF_specific(S3-Srand)=[-0.0007, -0.002, 0.0001] S3=0.0473
    L8: n=59 C1=0.8786 NEC_specific(rand-C3)=[0.0294, 0.0056, 0.0581] SUF_specific(S3-Srand)=[-0.0004, -0.0011, 0.0002] S3=0.0479
    L9: n=59 C1=0.8786 NEC_specific(rand-C3)=[0.0798, 0.0416, 0.1303] SUF_specific(S3-Srand)=[-0.0004, -0.0012, 0.0003] S3=0.0475
  == split=heldout (n_valid=55) ==
    L0: n=55 C1=0.8685 NEC_specific(rand-C3)=[0.004, -0.0036, 0.0138] SUF_specific(S3-Srand)=[-0.0021, -0.0043, -0.0005] S3=0.0515
    L1: n=55 C1=0.8685 NEC_specific(rand-C3)=[-0.0038, -0.0092, 0.0006] SUF_specific(S3-Srand)=[-0.0009, -0.0021, 0.0001] S3=0.0509
    L10: n=55 C1=0.8685 NEC_specific(rand-C3)=[0.0088, 0.0031, 0.0164] SUF_specific(S3-Srand)=[-0.0009, -0.002, -0.0] S3=0.0507
    L11: n=55 C1=0.8685 NEC_specific(rand-C3)=[0.0084, 0.0025, 0.0176] SUF_specific(S3-Srand)=[-0.0004, -0.0012, 0.0002] S3=0.0515
    L12: n=55 C1=0.8685 NEC_specific(rand-C3)=[0.0074, 0.0026, 0.0136] SUF_specific(S3-Srand)=[-0.0, -0.0003, 0.0003] S3=0.0517
    L13: n=55 C1=0.8685 NEC_specific(rand-C3)=[0.0013, -0.0001, 0.0033] SUF_specific(S3-Srand)=[-0.0003, -0.0006, 0.0] S3=0.0513
    L14: n=55 C1=0.8685 NEC_specific(rand-C3)=[0.0008, -0.0004, 0.0023] SUF_specific(S3-Srand)=[0.0, -0.0002, 0.0003] S3=0.0515
    L15: n=55 C1=0.8685 NEC_specific(rand-C3)=[-0.0006, -0.0025, 0.0007] SUF_specific(S3-Srand)=[-0.0001, -0.0003, 0.0002] S3=0.0515
    L16: n=55 C1=0.8685 NEC_specific(rand-C3)=[-0.0001, -0.0009, 0.0006] SUF_specific(S3-Srand)=[0.0, -0.0002, 0.0003] S3=0.0516
    L17: n=55 C1=0.8685 NEC_specific(rand-C3)=[-0.0006, -0.0018, 0.0003] SUF_specific(S3-Srand)=[0.0002, 0.0, 0.0005] S3=0.0517
    L18: n=55 C1=0.8685 NEC_specific(rand-C3)=[0.0001, -0.0002, 0.0005] SUF_specific(S3-Srand)=[0.0003, 0.0001, 0.0006] S3=0.0519
    L19: n=55 C1=0.8685 NEC_specific(rand-C3)=[-0.0004, -0.0014, 0.0004] SUF_specific(S3-Srand)=[0.0002, 0.0, 0.0005] S3=0.0516
    L2: n=55 C1=0.8685 NEC_specific(rand-C3)=[-0.015, -0.0366, -0.0002] SUF_specific(S3-Srand)=[-0.0007, -0.002, 0.0003] S3=0.0507
    L20: n=55 C1=0.8685 NEC_specific(rand-C3)=[-0.0003, -0.0011, 0.0003] SUF_specific(S3-Srand)=[0.0002, -0.0001, 0.0008] S3=0.0518
    L21: n=55 C1=0.8685 NEC_specific(rand-C3)=[-0.0005, -0.0011, 0.0001] SUF_specific(S3-Srand)=[-0.0002, -0.0005, 0.0] S3=0.0513
    L22: n=55 C1=0.8685 NEC_specific(rand-C3)=[-0.0003, -0.0008, 0.0002] SUF_specific(S3-Srand)=[-0.0002, -0.0005, -0.0] S3=0.0513
    L23: n=55 C1=0.8685 NEC_specific(rand-C3)=[-0.0005, -0.001, -0.0001] SUF_specific(S3-Srand)=[-0.0002, -0.0004, 0.0] S3=0.0513
    L24: n=55 C1=0.8685 NEC_specific(rand-C3)=[-0.0008, -0.0014, -0.0003] SUF_specific(S3-Srand)=[-0.0002, -0.0006, -0.0] S3=0.0513
    L25: n=55 C1=0.8685 NEC_specific(rand-C3)=[0.0, -0.0004, 0.0005] SUF_specific(S3-Srand)=[-0.0001, -0.0003, 0.0] S3=0.0513
    L26: n=55 C1=0.8685 NEC_specific(rand-C3)=[-0.0002, -0.0007, 0.0002] SUF_specific(S3-Srand)=[-0.0003, -0.0007, 0.0] S3=0.0514
    L27: n=55 C1=0.8685 NEC_specific(rand-C3)=[0.0001, -0.0, 0.0003] SUF_specific(S3-Srand)=[0.0001, -0.0, 0.0003] S3=0.0516
    L28: n=55 C1=0.8685 NEC_specific(rand-C3)=[0.0, -0.0005, 0.0004] SUF_specific(S3-Srand)=[-0.0, -0.0001, 0.0] S3=0.0516
    L29: n=55 C1=0.8685 NEC_specific(rand-C3)=[0.0002, -0.0, 0.0005] SUF_specific(S3-Srand)=[-0.0003, -0.0006, 0.0] S3=0.0513
    L3: n=55 C1=0.8685 NEC_specific(rand-C3)=[-0.0121, -0.0408, 0.0059] SUF_specific(S3-Srand)=[-0.0013, -0.0029, -0.0001] S3=0.05
    L30: n=55 C1=0.8685 NEC_specific(rand-C3)=[0.0, -0.0, 0.0001] SUF_specific(S3-Srand)=[-0.0001, -0.0001, -0.0] S3=0.0516
    L31: n=55 C1=0.8685 NEC_specific(rand-C3)=[0.0, 0.0, 0.0] SUF_specific(S3-Srand)=[0.0, 0.0, 0.0] S3=0.0516
    L4: n=55 C1=0.8685 NEC_specific(rand-C3)=[0.0062, -0.0037, 0.0159] SUF_specific(S3-Srand)=[-0.0034, -0.0074, -0.0005] S3=0.0489
    L5: n=55 C1=0.8685 NEC_specific(rand-C3)=[0.009, 0.0026, 0.0163] SUF_specific(S3-Srand)=[-0.0008, -0.002, 0.0003] S3=0.051
    L6: n=55 C1=0.8685 NEC_specific(rand-C3)=[-0.0039, -0.0162, 0.0058] SUF_specific(S3-Srand)=[-0.0005, -0.0012, 0.0002] S3=0.051
    L7: n=55 C1=0.8685 NEC_specific(rand-C3)=[0.0047, 0.0018, 0.0086] SUF_specific(S3-Srand)=[-0.0001, -0.0008, 0.0006] S3=0.0515
    L8: n=55 C1=0.8685 NEC_specific(rand-C3)=[0.004, -0.005, 0.0158] SUF_specific(S3-Srand)=[-0.0006, -0.0014, 0.0001] S3=0.0511
    L9: n=55 C1=0.8685 NEC_specific(rand-C3)=[0.0304, 0.0112, 0.0556] SUF_specific(S3-Srand)=[-0.0007, -0.0019, 0.0001] S3=0.0505
=== done ===
Tue Aug  4 12:37:52 AM IDT 2026
