=== pair intervention: mode=dose readout=one_word site=codeword_all alphas=-1.0,-0.5,0.5,1.0,2.0 groups=both alpha_mode=relative ===
Wed Jul 29 10:17:39 PM IDT 2026
n-802
git=6ee794e1b5f33cc116e34a6f4d8f2f3f65abc869
GPU ok: NVIDIA L40S
[interv] mode=dose L=32 layers=32 alphas=[-1.0, -0.5, 0.5, 1.0, 2.0] site=codeword_all crossfit=True -> doublespeak_causality/outputs/pair_interv_dose_Llama-3.1-8B-Instruct_20260729_221757_693608
  [interv] 500 rows
  [interv] 1000 rows
  [interv] 1500 rows
  [interv] 2000 rows
  [interv] 2500 rows
  [interv] 3000 rows
  [interv] 3500 rows
  [interv] 4000 rows
  [interv] 4500 rows
  [interv] 5000 rows
  [interv] 5500 rows
  [interv] 6000 rows
  [interv] 6500 rows
  [interv] 7000 rows
  [interv] 7500 rows
  [interv] 8000 rows
  [interv] 8500 rows
  [interv] 9000 rows
  [interv] 9500 rows
  [interv] 10000 rows
  [interv] 10500 rows
  [interv] 11000 rows
  [interv] 11500 rows
  [interv] 12000 rows
  [interv] 12500 rows
  [interv] 13000 rows
  [interv] 13500 rows
  [interv] 14000 rows
  [interv] 14500 rows
  [interv] 15000 rows
  [interv] 15500 rows
  [interv] 16000 rows
  [interv] 16500 rows
  [interv] 17000 rows
  [interv] 17500 rows
  [interv] 18000 rows
  [interv] 18500 rows
  [interv] 19000 rows
  [interv] 19500 rows
  [interv] 20000 rows
  [interv] 20500 rows
  [interv] 21000 rows
  [interv] 21500 rows
  [interv] 22000 rows
  [interv] 22500 rows
  [interv] 23000 rows
  [interv] 23500 rows
  [interv] 24000 rows
  [interv] 24500 rows
  [interv] 25000 rows
  [interv] 25500 rows
  [interv] 26000 rows
  [interv] 26500 rows
  [interv] 27000 rows
  [interv] 27500 rows
  [interv] 28000 rows
  [interv] 28500 rows
  [interv] 29000 rows
  [interv] 29500 rows
  [interv] 30000 rows
  [interv] 30500 rows
  [interv] 31000 rows
  [interv] 31500 rows
  [interv] 32000 rows
  [interv] 32500 rows
  [interv] 33000 rows
  [interv] 33500 rows
  [interv] 34000 rows
  [interv] 34500 rows
  [interv] 35000 rows
  [interv] 35500 rows
  [interv] 36000 rows
  [interv] 36500 rows
  [interv] 37000 rows
  [interv] 37500 rows
  [interv] 38000 rows
  [interv] 38500 rows
[interv] 38688 rows in 1406.0s -> doublespeak_causality/outputs/pair_interv_dose_Llama-3.1-8B-Instruct_20260729_221757_693608
=== done ===
Wed Jul 29 10:41:24 PM IDT 2026
