=== Phase7 dt: doublespeak_causality/data/bench/bench_clearharm.json n=0 heads=L14H4_L14H5_L14H23_L15H4_L15H8_L17H27_L18H20_L21H10_L30H15_L31H0 ===
Mon Aug  3 04:07:21 PM IDT 2026
n-802
git=d08474a7f28204c44cf1a6c3071d14b789d8ec23
GPU ok: NVIDIA L40S
[p7] cohort=clearharm heads=L14H4_L14H5_L14H23_L15H4_L15H8_L17H27_L18H20_L21H10_L30H15_L31H0 -> /home/sharifm/students/omeryosef/first_poc/teza_first_poc_with_mahmood/doublespeak_causality/outputs/phase7_directtotal_clearharm_20260803_160846_704726
[p7] 860 rows -> /home/sharifm/students/omeryosef/first_poc/teza_first_poc_with_mahmood/doublespeak_causality/outputs/phase7_directtotal_clearharm_20260803_160846_704726
  [dev]
    L14H4: TOTAL=0.9688 DIRECT=0.0092 direct_frac=0.0 trust=True (n_frac=43) selfdev=0.0 freezedev=0.0
    L14H5: TOTAL=1.4808 DIRECT=0.0213 direct_frac=0.0 trust=True (n_frac=44) selfdev=0.0 freezedev=0.0
    L14H23: TOTAL=0.5945 DIRECT=-0.0064 direct_frac=0.0 trust=True (n_frac=44) selfdev=0.0 freezedev=0.0
    L15H4: TOTAL=0.1989 DIRECT=-0.0007 direct_frac=0.0 trust=True (n_frac=41) selfdev=0.0 freezedev=0.0
    L15H8: TOTAL=0.625 DIRECT=0.0178 direct_frac=0.0 trust=True (n_frac=43) selfdev=0.0 freezedev=0.0
    L17H27: TOTAL=1.5881 DIRECT=0.1534 direct_frac=0.086 trust=True (n_frac=44) selfdev=0.0 freezedev=0.0
    L18H20: TOTAL=0.5227 DIRECT=0.0568 direct_frac=0.077 trust=True (n_frac=39) selfdev=0.0 freezedev=0.0
    L21H10: TOTAL=1.049 DIRECT=0.0114 direct_frac=0.0 trust=True (n_frac=43) selfdev=0.0 freezedev=0.0
    L30H15: TOTAL=1.3203 DIRECT=0.6747 direct_frac=0.5 trust=True (n_frac=44) selfdev=0.0 freezedev=0.0
    L31H0: TOTAL=0.5497 DIRECT=0.3501 direct_frac=0.6 trust=True (n_frac=44) selfdev=0.0 freezedev=0.0
  [heldout]
    L14H4: TOTAL=0.936 DIRECT=0.0126 direct_frac=0.0 trust=True (n_frac=42) selfdev=0.0 freezedev=0.0
    L14H5: TOTAL=1.3951 DIRECT=0.0052 direct_frac=0.0 trust=True (n_frac=42) selfdev=0.0 freezedev=0.0
    L14H23: TOTAL=0.593 DIRECT=-0.0104 direct_frac=0.0 trust=True (n_frac=42) selfdev=0.0 freezedev=0.0
    L15H4: TOTAL=0.2411 DIRECT=0.0045 direct_frac=0.0 trust=True (n_frac=39) selfdev=0.0 freezedev=0.0
    L15H8: TOTAL=0.5789 DIRECT=0.026 direct_frac=0.0 trust=True (n_frac=42) selfdev=0.0 freezedev=0.0
    L17H27: TOTAL=1.8036 DIRECT=0.1496 direct_frac=0.069 trust=True (n_frac=41) selfdev=0.0 freezedev=0.0
    L18H20: TOTAL=0.5 DIRECT=0.0565 direct_frac=0.091 trust=True (n_frac=37) selfdev=0.0 freezedev=0.0
    L21H10: TOTAL=1.0268 DIRECT=0.0134 direct_frac=0.015 trust=True (n_frac=42) selfdev=0.0 freezedev=0.0
    L30H15: TOTAL=1.3631 DIRECT=0.6726 direct_frac=0.474 trust=True (n_frac=42) selfdev=0.0 freezedev=0.0
    L31H0: TOTAL=0.5915 DIRECT=0.3862 direct_frac=0.625 trust=True (n_frac=41) selfdev=0.0 freezedev=0.0
