=== pair intervention: mode=controls readout=cloze site=codeword_all alphas=1.0 groups=windows alpha_mode=relative ===
Wed Jul 29 10:17:39 PM IDT 2026
n-803
git=6ee794e1b5f33cc116e34a6f4d8f2f3f65abc869
GPU ok: NVIDIA L40S
[interv] mode=controls L=32 layers=32 alphas=[1.0] site=codeword_all crossfit=True -> doublespeak_causality/outputs/pair_interv_controls_Llama-3.1-8B-Instruct_20260729_221757_693609
  [interv] 500 rows
  [interv] 1000 rows
  [interv] 1500 rows
  [interv] 2000 rows
  [interv] 2500 rows
  [interv] 3000 rows
  [interv] 3500 rows
  [interv] 4000 rows
  [interv] 4500 rows
  [interv] 5000 rows
  [interv] 5500 rows
  [interv] 6000 rows
  [interv] 6500 rows
  [interv] 7000 rows
  [interv] 7500 rows
  [interv] 8000 rows
  [interv] 8500 rows
  [interv] 9000 rows
  [interv] 9500 rows
  [interv] 10000 rows
  [interv] 10500 rows
  [interv] 11000 rows
  [interv] 11500 rows
[interv] 11760 rows in 478.2s -> doublespeak_causality/outputs/pair_interv_controls_Llama-3.1-8B-Instruct_20260729_221757_693609
=== done ===
Wed Jul 29 10:25:56 PM IDT 2026
